// Vitest Snapshot v1, https://vitest.dev/guide/snapshot.html

exports[`Calculation Parity Tests (Frontend) > snapshots all fixture outputs for cross-platform comparison 1`] = `
{
  "basic_ups_us_wooden_box": {
    "billableWeight": 54,
    "breakdown": {
      "appliedSurcharges": undefined,
      "carrierAddOnDetails": [
        {
          "amount": 42800,
          "code": "AHS",
          "fscAmount": 12840,
          "nameEn": "Additional Handling",
          "nameKo": "비규격품부가요금",
        },
      ],
      "carrierAddOnTotal": 55640,
      "destDuty": 0,
      "handlingFees": 0,
      "intlBase": 1751400,
      "intlFsc": 446607,
      "intlManualSurge": undefined,
      "intlSurge": 0,
      "intlSystemSurcharge": undefined,
      "intlWarRisk": 0,
      "packingFumigation": 30000,
      "packingLabor": 100000,
      "packingMaterial": 47700,
      "pickupInSeoul": 0,
      "totalCost": 2510160,
    },
    "carrier": "UPS",
    "discountPercent": 15,
    "totalCostAmount": 2510160,
    "totalQuoteAmount": 2168700,
    "totalQuoteAmountUSD": 1549.07,
  },
  "dhl_eu_with_pickup": {
    "billableWeight": 5,
    "breakdown": {
      "appliedSurcharges": undefined,
      "carrierAddOnDetails": undefined,
      "carrierAddOnTotal": undefined,
      "destDuty": 0,
      "handlingFees": 0,
      "intlBase": 403900,
      "intlFsc": 90474,
      "intlManualSurge": undefined,
      "intlSurge": 0,
      "intlSystemSurcharge": undefined,
      "intlWarRisk": 0,
      "packingFumigation": 0,
      "packingLabor": 0,
      "packingMaterial": 0,
      "pickupInSeoul": 50000,
      "totalCost": 566992,
    },
    "carrier": "DHL",
    "discountPercent": 20,
    "totalCostAmount": 566992,
    "totalQuoteAmount": 463600,
    "totalQuoteAmountUSD": 331.14,
  },
  "dhl_gb_zero_margin": {
    "billableWeight": 8,
    "breakdown": {
      "appliedSurcharges": undefined,
      "carrierAddOnDetails": undefined,
      "carrierAddOnTotal": undefined,
      "destDuty": 0,
      "handlingFees": 0,
      "intlBase": 531100,
      "intlFsc": 159330,
      "intlManualSurge": undefined,
      "intlSurge": 0,
      "intlSystemSurcharge": undefined,
      "intlWarRisk": 0,
      "packingFumigation": 0,
      "packingLabor": 0,
      "packingMaterial": 0,
      "pickupInSeoul": 0,
      "totalCost": 690430,
    },
    "carrier": "DHL",
    "discountPercent": 0,
    "totalCostAmount": 690430,
    "totalQuoteAmount": 690500,
    "totalQuoteAmountUSD": 493.21,
  },
  "dhl_sg_no_packing": {
    "billableWeight": 10,
    "breakdown": {
      "appliedSurcharges": undefined,
      "carrierAddOnDetails": undefined,
      "carrierAddOnTotal": undefined,
      "destDuty": 0,
      "handlingFees": 0,
      "intlBase": 302300,
      "intlFsc": 77087,
      "intlManualSurge": undefined,
      "intlSurge": 0,
      "intlSystemSurcharge": undefined,
      "intlWarRisk": 0,
      "packingFumigation": 0,
      "packingLabor": 0,
      "packingMaterial": 0,
      "pickupInSeoul": 0,
      "totalCost": 392990,
    },
    "carrier": "DHL",
    "discountPercent": 15,
    "totalCostAmount": 392990,
    "totalQuoteAmount": 334100,
    "totalQuoteAmountUSD": 238.64,
  },
  "emax_cn_ddp_with_surge": {
    "billableWeight": 123.75,
    "breakdown": {
      "appliedSurcharges": undefined,
      "carrierAddOnDetails": undefined,
      "carrierAddOnTotal": undefined,
      "destDuty": 150000,
      "handlingFees": 0,
      "intlBase": 1875000,
      "intlFsc": 168640,
      "intlManualSurge": 40000,
      "intlSurge": 40000,
      "intlSystemSurcharge": undefined,
      "intlWarRisk": 0,
      "packingFumigation": 30000,
      "packingLabor": 50000,
      "packingMaterial": 74700,
      "pickupInSeoul": 0,
      "totalCost": 2388340,
    },
    "carrier": "EMAX",
    "discountPercent": 12,
    "totalCostAmount": 2388340,
    "totalQuoteAmount": 2163400,
    "totalQuoteAmountUSD": 1545.29,
  },
  "emax_vn_pickup_and_surge": {
    "billableWeight": 68.25,
    "breakdown": {
      "appliedSurcharges": undefined,
      "carrierAddOnDetails": undefined,
      "carrierAddOnTotal": undefined,
      "destDuty": 0,
      "handlingFees": 0,
      "intlBase": 778000,
      "intlFsc": 97270,
      "intlManualSurge": 25000,
      "intlSurge": 25000,
      "intlSystemSurcharge": undefined,
      "intlWarRisk": 0,
      "packingFumigation": 30000,
      "packingLabor": 50000,
      "packingMaterial": 50100,
      "pickupInSeoul": 80000,
      "totalCost": 1110370,
    },
    "carrier": "EMAX",
    "discountPercent": 15,
    "totalCostAmount": 1110370,
    "totalQuoteAmount": 993700,
    "totalQuoteAmountUSD": 709.79,
  },
  "ups_au_high_volumetric": {
    "billableWeight": 222.3,
    "breakdown": {
      "appliedSurcharges": undefined,
      "carrierAddOnDetails": [
        {
          "amount": 21400,
          "code": "AHS",
          "fscAmount": 6420,
          "nameEn": "Additional Handling",
          "nameKo": "비규격품부가요금",
        },
      ],
      "carrierAddOnTotal": 27820,
      "destDuty": 0,
      "handlingFees": 0,
      "intlBase": 6099800,
      "intlFsc": 1555449,
      "intlManualSurge": undefined,
      "intlSurge": 0,
      "intlSystemSurcharge": undefined,
      "intlWarRisk": 0,
      "packingFumigation": 30000,
      "packingLabor": 50000,
      "packingMaterial": 97800,
      "pickupInSeoul": 0,
      "totalCost": 8135360,
    },
    "carrier": "UPS",
    "discountPercent": 15,
    "totalCostAmount": 8135360,
    "totalQuoteAmount": 6945900,
    "totalQuoteAmountUSD": 4961.36,
  },
  "ups_jp_manual_packing": {
    "billableWeight": 63,
    "breakdown": {
      "appliedSurcharges": undefined,
      "carrierAddOnDetails": [
        {
          "amount": 64200,
          "code": "AHS",
          "fscAmount": 19260,
          "nameEn": "Additional Handling",
          "nameKo": "비규격품부가요금",
        },
      ],
      "carrierAddOnTotal": 83460,
      "destDuty": 0,
      "handlingFees": 0,
      "intlBase": 1262800,
      "intlFsc": 310649,
      "intlManualSurge": undefined,
      "intlSurge": 0,
      "intlSystemSurcharge": undefined,
      "intlWarRisk": 0,
      "packingFumigation": 0,
      "packingLabor": 0,
      "packingMaterial": 100000,
      "pickupInSeoul": 0,
      "totalCost": 1825100,
    },
    "carrier": "UPS",
    "discountPercent": 18,
    "totalCostAmount": 1825100,
    "totalQuoteAmount": 1529700,
    "totalQuoteAmountUSD": 1092.64,
  },
  "ups_us_ddp_full_options": {
    "billableWeight": 65,
    "breakdown": {
      "appliedSurcharges": undefined,
      "carrierAddOnDetails": [
        {
          "amount": 64200,
          "code": "AHS",
          "fscAmount": 19260,
          "nameEn": "Additional Handling",
          "nameKo": "비규격품부가요금",
        },
        {
          "amount": 28500,
          "code": "DDP",
          "fscAmount": 0,
          "nameEn": "DDP Service Fee",
          "nameKo": "DDP 수수료",
        },
      ],
      "carrierAddOnTotal": 111960,
      "destDuty": 200000,
      "handlingFees": 0,
      "intlBase": 2104500,
      "intlFsc": 536648,
      "intlManualSurge": 35000,
      "intlSurge": 35000,
      "intlSystemSurcharge": undefined,
      "intlWarRisk": 0,
      "packingFumigation": 30000,
      "packingLabor": 150000,
      "packingMaterial": 48000,
      "pickupInSeoul": 60000,
      "totalCost": 3370810,
    },
    "carrier": "UPS",
    "discountPercent": 15,
    "totalCostAmount": 3370810,
    "totalQuoteAmount": 2960500,
    "totalQuoteAmountUSD": 2114.64,
  },
  "ups_vn_vacuum_fob": {
    "billableWeight": 93,
    "breakdown": {
      "appliedSurcharges": undefined,
      "carrierAddOnDetails": [
        {
          "amount": 42800,
          "code": "AHS",
          "fscAmount": 12840,
          "nameEn": "Additional Handling",
          "nameKo": "비규격품부가요금",
        },
      ],
      "carrierAddOnTotal": 55640,
      "destDuty": 0,
      "handlingFees": 0,
      "intlBase": 1753300,
      "intlFsc": 394493,
      "intlManualSurge": undefined,
      "intlSurge": 0,
      "intlSystemSurcharge": undefined,
      "intlWarRisk": 0,
      "packingFumigation": 30000,
      "packingLabor": 150000,
      "packingMaterial": 68100,
      "pickupInSeoul": 0,
      "totalCost": 2583030,
    },
    "carrier": "UPS",
    "discountPercent": 25,
    "totalCostAmount": 2583030,
    "totalQuoteAmount": 2013300,
    "totalQuoteAmountUSD": 1438.07,
  },
}
`;
